// Jest Snapshot v1, https://goo.gl/fbAQLP

exports[`<Modal> snapshots: should render correctly 1`] = `
<div
  className="modal"
>
  <div
    className="modal__content"
  >
    <h2>
      Заголовок
    </h2>
    <p>
      Текст попапа
    </p>
  </div>
</div>
`;
