// Jest Snapshot v1, https://goo.gl/fbAQLP

exports[`<FullVideoPlayer> snapshots: should render correctly 1`] = `
<div
  className="player"
>
  <div
    className="MOCK_COMPONENT"
  />
  <button
    className="player__exit"
    onClick={[Function]}
    type="button"
  >
    Exit
  </button>
  <div
    className="player__controls"
  >
    <div
      className="player__controls-row"
    >
      <div
        className="player__time"
      >
        <progress
          className="player__progress"
          max="100"
          onClick={[Function]}
          value={10}
        />
        <button
          className="player__toggler"
          onMouseDown={[Function]}
          style={
            {
              "left": "10%",
            }
          }
        >
          Toggler
        </button>
      </div>
      <div
        className="player__time-value"
      >
        03:00
      </div>
    </div>
    <div
      className="player__controls-row"
    >
      <button
        className="player__play"
        onClick={[Function]}
        type="button"
      >
        <svg
          height="19"
          viewBox="0 0 19 19"
          width="19"
        >
          <use
            xlinkHref="#play-s"
          />
        </svg>
        <span>
          Play
        </span>
      </button>
      <div
        className="player__name"
      />
      <button
        className="player__full-screen"
        onClick={[Function]}
        type="button"
      >
        <svg
          height="27"
          viewBox="0 0 27 27"
          width="27"
        >
          <use
            xlinkHref="#full-screen"
          />
        </svg>
        <span>
          Full screen
        </span>
      </button>
    </div>
  </div>
</div>
`;
