// Jest Snapshot v1, https://goo.gl/fbAQLP

exports[`withMediaTime() snapshots: should render correctly 1`] = `
<div
  className="MOCK_COMPONENT"
/>
`;
