// Jest Snapshot v1, https://goo.gl/fbAQLP

exports[`withDragging() snapshots: should render correctly 1`] = `
<div
  className="MOCK_COMPONENT"
/>
`;
