// Jest Snapshot v1, https://goo.gl/fbAQLP

exports[`<MovieCard> snapshots: should render movie "Красный дракон" 1`] = `
<article
  className="small-movie-card catalog__movies-card"
  onMouseEnter={[Function]}
  onMouseLeave={[Function]}
>
  <div
    className="small-movie-card__image"
  >
    <video
      loop={true}
      muted={true}
      onCanPlay={[Function]}
      onWaiting={[Function]}
      poster="https://placehold.co/280x175/EEE/31343C"
      src="https://download.blender.org/durian/trailer/sintel_trailer-480p.mp4"
    />
  </div>
  <h3
    className="small-movie-card__title"
  >
    <a
      className="small-movie-card__link"
      href="/"
    >
      Красный дракон
    </a>
  </h3>
</article>
`;
