// Jest Snapshot v1, https://goo.gl/fbAQLP

exports[`<withActiveItem> snapshots: should render component 1`] = `
<div
  className="MOCK_COMPONENT"
/>
`;
